\BOOKMARK [0][-]{chapter*.1}{\376\377\000A\000b\000s\000t\000r\000a\000c\000t}{}% 1
\BOOKMARK [0][-]{chapter*.2}{\376\377\000A\000c\000k\000n\000o\000w\000l\000e\000d\000g\000e\000m\000e\000n\000t\000s}{}% 2
\BOOKMARK [0][-]{chapter*.3}{\376\377\000C\000o\000n\000t\000e\000n\000t\000s}{}% 3
\BOOKMARK [0][-]{chapter*.4}{\376\377\000L\000i\000s\000t\000\040\000o\000f\000\040\000F\000i\000g\000u\000r\000e\000s}{}% 4
\BOOKMARK [0][-]{chapter*.5}{\376\377\000L\000i\000s\000t\000\040\000o\000f\000\040\000T\000a\000b\000l\000e\000s}{}% 5
\BOOKMARK [0][-]{table.0.1}{\376\377\000A\000c\000r\000o\000n\000y\000m\000s}{}% 6
\BOOKMARK [0][-]{chapter.1}{\376\377\000I\000n\000t\000r\000o\000d\000u\000c\000t\000i\000o\000n}{}% 7
\BOOKMARK [1][-]{section.1.1}{\376\377\000B\000a\000c\000k\000g\000r\000o\000u\000n\000d}{chapter.1}% 8
\BOOKMARK [2][-]{subsection.1.1.1}{\376\377\000S\000c\000a\000l\000e\000\040\000a\000n\000d\000\040\000C\000r\000i\000t\000i\000c\000a\000l\000i\000t\000y\000\040\000o\000f\000\040\000C\000o\000n\000t\000e\000m\000p\000o\000r\000a\000r\000y\000\040\000I\000o\000T\000\040\000D\000e\000p\000l\000o\000y\000m\000e\000n\000t}{section.1.1}% 9
\BOOKMARK [2][-]{subsection.1.1.2}{\376\377\000R\000e\000s\000o\000u\000r\000c\000e\000\040\000C\000o\000n\000s\000t\000r\000a\000i\000n\000t\000s\000\040\000a\000n\000d\000\040\000t\000h\000e\000\040\000E\000n\000d\000p\000o\000i\000n\000t\000\040\000S\000e\000c\000u\000r\000i\000t\000y\000\040\000G\000a\000p}{section.1.1}% 10
\BOOKMARK [2][-]{subsection.1.1.3}{\376\377\000T\000h\000e\000\040\000E\000v\000o\000l\000v\000i\000n\000g\000\040\000I\000o\000T\000\040\000T\000h\000r\000e\000a\000t\000\040\000L\000a\000n\000d\000s\000c\000a\000p\000e}{section.1.1}% 11
\BOOKMARK [2][-]{subsection.1.1.4}{\376\377\000L\000i\000m\000i\000t\000a\000t\000i\000o\000n\000s\000\040\000o\000f\000\040\000P\000r\000e\000v\000a\000i\000l\000i\000n\000g\000\040\000D\000e\000t\000e\000c\000t\000i\000o\000n\000\040\000a\000n\000d\000\040\000R\000e\000s\000p\000o\000n\000s\000e\000\040\000P\000r\000a\000c\000t\000i\000c\000e}{section.1.1}% 12
\BOOKMARK [2][-]{subsection.1.1.5}{\376\377\000R\000e\000g\000u\000l\000a\000t\000o\000r\000y\000\040\000P\000r\000e\000s\000s\000u\000r\000e\000\040\000T\000o\000w\000a\000r\000d\000\040\000S\000e\000c\000u\000r\000e\000\040\000a\000n\000d\000\040\000R\000e\000s\000i\000l\000i\000e\000n\000t\000\040\000C\000o\000n\000n\000e\000c\000t\000e\000d\000\040\000P\000r\000o\000d\000u\000c\000t\000s}{section.1.1}% 13
\BOOKMARK [2][-]{subsection.1.1.6}{\376\377\000T\000o\000w\000a\000r\000d\000\040\000A\000u\000t\000o\000n\000o\000m\000o\000u\000s\000,\000\040\000S\000e\000l\000f\000-\000H\000e\000a\000l\000i\000n\000g\000\040\000D\000e\000f\000e\000n\000c\000e}{section.1.1}% 14
\BOOKMARK [1][-]{section.1.2}{\376\377\000P\000r\000o\000b\000l\000e\000m\000\040\000S\000t\000a\000t\000e\000m\000e\000n\000t}{chapter.1}% 15
\BOOKMARK [2][-]{subsection.1.2.1}{\376\377\000T\000h\000e\000\040\000L\000a\000t\000e\000n\000c\000y\000-\000C\000a\000p\000a\000b\000i\000l\000i\000t\000y\000\040\000T\000r\000a\000d\000e\000-\000o\000f\000f\000\040\000i\000n\000\040\000C\000e\000n\000t\000r\000a\000l\000i\000z\000e\000d\000\040\000a\000n\000d\000\040\000E\000d\000g\000e\000-\000O\000n\000l\000y\000\040\000A\000r\000c\000h\000i\000t\000e\000c\000t\000u\000r\000e\000s}{section.1.2}% 16
\BOOKMARK [2][-]{subsection.1.2.2}{\376\377\000O\000p\000a\000c\000i\000t\000y\000\040\000o\000f\000\040\000M\000a\000c\000h\000i\000n\000e\000-\000L\000e\000a\000r\000n\000i\000n\000g\000-\000B\000a\000s\000e\000d\000\040\000D\000e\000t\000e\000c\000t\000i\000o\000n\000\040\000a\000n\000d\000\040\000t\000h\000e\000\040\000E\000r\000o\000s\000i\000o\000n\000\040\000o\000f\000\040\000A\000n\000a\000l\000y\000s\000t\000\040\000T\000r\000u\000s\000t}{section.1.2}% 17
\BOOKMARK [2][-]{subsection.1.2.3}{\376\377\000T\000h\000e\000\040\000M\000a\000n\000u\000a\000l\000-\000I\000n\000t\000e\000r\000v\000e\000n\000t\000i\000o\000n\000\040\000B\000o\000t\000t\000l\000e\000n\000e\000c\000k\000\040\000i\000n\000\040\000D\000i\000a\000g\000n\000o\000s\000t\000i\000c\000\040\000F\000r\000a\000m\000e\000w\000o\000r\000k\000s}{section.1.2}% 18
\BOOKMARK [2][-]{subsection.1.2.4}{\376\377\000S\000y\000n\000t\000h\000e\000s\000i\000s\000:\000\040\000A\000\040\000C\000a\000s\000e\000\040\000f\000o\000r\000\040\000A\000u\000t\000o\000n\000o\000m\000o\000u\000s\000,\000\040\000C\000l\000o\000s\000e\000d\000-\000L\000o\000o\000p\000\040\000D\000e\000f\000e\000n\000c\000e}{section.1.2}% 19
\BOOKMARK [1][-]{section.1.3}{\376\377\000O\000b\000j\000e\000c\000t\000i\000v\000e\000s\000\040\000a\000n\000d\000\040\000S\000c\000o\000p\000e}{chapter.1}% 20
\BOOKMARK [2][-]{subsection.1.3.1}{\376\377\000O\000b\000j\000e\000c\000t\000i\000v\000e\000s}{section.1.3}% 21
\BOOKMARK [2][-]{subsection.1.3.2}{\376\377\000S\000c\000o\000p\000e}{section.1.3}% 22
\BOOKMARK [0][-]{chapter.2}{\376\377\000L\000i\000t\000e\000r\000a\000t\000u\000r\000e\000\040\000R\000e\000v\000i\000e\000w}{}% 23
\BOOKMARK [1][-]{section.2.1}{\376\377\000A\000n\000o\000m\000a\000l\000y\000\040\000D\000e\000t\000e\000c\000t\000i\000o\000n\000\040\000i\000n\000\040\000I\000o\000T\000\040\000E\000d\000g\000e\000\040\000E\000n\000v\000i\000r\000o\000n\000m\000e\000n\000t\000s}{chapter.2}% 24
\BOOKMARK [1][-]{section.2.2}{\376\377\000T\000h\000r\000e\000a\000t\000\040\000C\000l\000a\000s\000s\000i\000f\000i\000c\000a\000t\000i\000o\000n\000\040\000a\000n\000d\000\040\000X\000A\000I}{chapter.2}% 25
\BOOKMARK [1][-]{section.2.3}{\376\377\000A\000g\000e\000n\000t\000i\000c\000\040\000A\000I\000,\000\040\000M\000u\000l\000t\000i\000-\000A\000g\000e\000n\000t\000\040\000S\000y\000s\000t\000e\000m\000s\000,\000\040\000a\000n\000d\000\040\000S\000e\000l\000f\000-\000H\000e\000a\000l\000i\000n\000g\000\040\000N\000e\000t\000w\000o\000r\000k\000s}{chapter.2}% 26
\BOOKMARK [1][-]{section.2.4}{\376\377\000F\000e\000d\000e\000r\000a\000t\000e\000d\000\040\000I\000n\000t\000r\000u\000s\000i\000o\000n\000\040\000D\000e\000t\000e\000c\000t\000i\000o\000n}{chapter.2}% 27
\BOOKMARK [1][-]{section.2.5}{\376\377\000S\000o\000f\000t\000w\000a\000r\000e\000-\000D\000e\000f\000i\000n\000e\000d\000\040\000N\000e\000t\000w\000o\000r\000k\000i\000n\000g\000\040\000a\000n\000d\000\040\000A\000u\000t\000o\000m\000a\000t\000e\000d\000\040\000N\000e\000t\000w\000o\000r\000k\000-\000L\000e\000v\000e\000l\000\040\000R\000e\000m\000e\000d\000i\000a\000t\000i\000o\000n}{chapter.2}% 28
\BOOKMARK [1][-]{section.2.6}{\376\377\000E\000d\000g\000e\000-\000N\000a\000t\000i\000v\000e\000\040\000M\000o\000d\000e\000l\000\040\000C\000o\000m\000p\000r\000e\000s\000s\000i\000o\000n\000\040\000a\000n\000d\000\040\000O\000n\000-\000D\000e\000v\000i\000c\000e\000\040\000I\000n\000f\000e\000r\000e\000n\000c\000e}{chapter.2}% 29
\BOOKMARK [1][-]{section.2.7}{\376\377\000R\000e\000s\000e\000a\000r\000c\000h\000\040\000G\000a\000p\000\040\000a\000n\000d\000\040\000P\000o\000s\000i\000t\000i\000o\000n\000i\000n\000g\000\040\000o\000f\000\040\000t\000h\000e\000\040\000P\000r\000o\000p\000o\000s\000e\000d\000\040\000F\000r\000a\000m\000e\000w\000o\000r\000k}{chapter.2}% 30
\BOOKMARK [0][-]{chapter.3}{\376\377\000M\000e\000t\000h\000o\000d\000o\000l\000o\000g\000y}{}% 31
\BOOKMARK [1][-]{section.3.1}{\376\377\000E\000d\000g\000e\000\040\000L\000a\000y\000e\000r\000:\000\040\000T\000r\000a\000f\000f\000i\000c\000\040\000M\000o\000n\000i\000t\000o\000r\000i\000n\000g\000\040\000a\000n\000d\000\040\000R\000e\000p\000r\000e\000s\000e\000n\000t\000a\000t\000i\000o\000n}{chapter.3}% 32
\BOOKMARK [1][-]{section.3.2}{\376\377\000C\000a\000s\000c\000a\000d\000e\000d\000\040\000H\000y\000b\000r\000i\000d\000\040\000\050\000S\000t\000a\000c\000k\000e\000d\000\051\000\040\000E\000n\000s\000e\000m\000b\000l\000e\000\040\000M\000o\000d\000e\000l}{chapter.3}% 33
\BOOKMARK [1][-]{section.3.3}{\376\377\000T\000w\000o\000-\000S\000t\000a\000g\000e\000\040\000R\000o\000l\000l\000i\000n\000g\000\040\000R\000i\000s\000k\000\040\000S\000c\000o\000r\000i\000n\000g\000\040\000M\000e\000c\000h\000a\000n\000i\000s\000m}{chapter.3}% 34
\BOOKMARK [1][-]{section.3.4}{\376\377\000C\000l\000o\000u\000d\000\040\000L\000a\000y\000e\000r\000:\000\040\000T\000h\000r\000e\000a\000t\000\040\000C\000l\000a\000s\000s\000i\000f\000i\000c\000a\000t\000i\000o\000n\000\040\000a\000n\000d\000\040\000X\000A\000I}{chapter.3}% 35
\BOOKMARK [1][-]{section.3.5}{\376\377\000M\000u\000l\000t\000i\000-\000A\000g\000e\000n\000t\000\040\000S\000y\000s\000t\000e\000m\000\040\000a\000n\000d\000\040\000S\000e\000l\000f\000-\000H\000e\000a\000l\000i\000n\000g\000\040\000O\000r\000c\000h\000e\000s\000t\000r\000a\000t\000i\000o\000n}{chapter.3}% 36
\BOOKMARK [1][-]{section.3.6}{\376\377\000C\000o\000m\000m\000u\000n\000i\000c\000a\000t\000i\000o\000n\000\040\000a\000n\000d\000\040\000T\000r\000a\000n\000s\000p\000o\000r\000t\000-\000L\000a\000y\000e\000r\000\040\000S\000e\000c\000u\000r\000i\000t\000y}{chapter.3}% 37
\BOOKMARK [2][-]{subsection.3.6.1}{\376\377\000D\000e\000v\000i\000c\000e\000\040\000t\000o\000\040\000H\000u\000b\000\040\000\050\000E\000d\000g\000e\000\051\000:\000\040\000T\000w\000o\000-\000S\000t\000a\000g\000e\000\040\000M\000u\000t\000u\000a\000l\000\040\000A\000u\000t\000h\000e\000n\000t\000i\000c\000a\000t\000i\000o\000n\000\040\000a\000n\000d\000\040\000E\000n\000c\000r\000y\000p\000t\000e\000d\000\040\000T\000e\000l\000e\000m\000e\000t\000r\000y}{section.3.6}% 38
\BOOKMARK [2][-]{subsection.3.6.2}{\376\377\000H\000u\000b\000\040\000t\000o\000\040\000C\000l\000o\000u\000d\000\040\000\050\000D\000a\000s\000h\000b\000o\000a\000r\000d\000\051\000\040\000C\000o\000m\000m\000u\000n\000i\000c\000a\000t\000i\000o\000n}{section.3.6}% 39
\BOOKMARK [1][-]{section.3.7}{\376\377\000T\000i\000m\000e\000\040\000P\000l\000a\000n\000\040\000a\000n\000d\000\040\000R\000e\000s\000o\000u\000r\000c\000e\000s\000\040\000R\000e\000q\000u\000i\000r\000e\000d}{chapter.3}% 40
\BOOKMARK [0][-]{chapter.4}{\376\377\000E\000x\000p\000e\000r\000i\000m\000e\000n\000t\000s\000,\000\040\000R\000e\000s\000u\000l\000t\000s\000\040\000a\000n\000d\000\040\000D\000i\000s\000c\000u\000s\000s\000i\000o\000n}{}% 41
\BOOKMARK [1][-]{section.4.1}{\376\377\000E\000x\000p\000e\000r\000i\000m\000e\000n\000t\000a\000l\000\040\000S\000e\000t\000u\000p}{chapter.4}% 42
\BOOKMARK [1][-]{section.4.2}{\376\377\000E\000d\000g\000e\000\040\000L\000a\000y\000e\000r\000:\000\040\000A\000n\000o\000m\000a\000l\000y\000\040\000D\000e\000t\000e\000c\000t\000i\000o\000n\000\040\000P\000e\000r\000f\000o\000r\000m\000a\000n\000c\000e}{chapter.4}% 43
\BOOKMARK [1][-]{section.4.3}{\376\377\000C\000l\000o\000u\000d\000\040\000L\000a\000y\000e\000r\000:\000\040\000T\000h\000r\000e\000a\000t\000\040\000C\000l\000a\000s\000s\000i\000f\000i\000c\000a\000t\000i\000o\000n\000\040\000a\000n\000d\000\040\000X\000A\000I}{chapter.4}% 44
\BOOKMARK [2][-]{subsection.4.3.1}{\376\377\000E\000x\000p\000l\000a\000n\000a\000t\000i\000o\000n\000-\000Q\000u\000a\000l\000i\000t\000y\000\040\000M\000e\000t\000r\000i\000c\000s}{section.4.3}% 45
\BOOKMARK [1][-]{section.4.4}{\376\377\000M\000u\000l\000t\000i\000-\000A\000g\000e\000n\000t\000\040\000S\000e\000l\000f\000-\000H\000e\000a\000l\000i\000n\000g\000\040\000E\000v\000a\000l\000u\000a\000t\000i\000o\000n}{chapter.4}% 46
\BOOKMARK [1][-]{section.4.5}{\376\377\000C\000l\000o\000u\000d\000\040\000D\000a\000s\000h\000b\000o\000a\000r\000d\000:\000\040\000O\000p\000e\000r\000a\000t\000o\000r\000-\000F\000a\000c\000i\000n\000g\000\040\000I\000n\000t\000e\000r\000f\000a\000c\000e}{chapter.4}% 47
\BOOKMARK [2][-]{subsection.4.5.1}{\376\377\000O\000v\000e\000r\000v\000i\000e\000w\000\040\000P\000a\000g\000e}{section.4.5}% 48
\BOOKMARK [2][-]{subsection.4.5.2}{\376\377\000E\000d\000g\000e\000\040\000L\000a\000y\000e\000r\000\040\000P\000a\000g\000e}{section.4.5}% 49
\BOOKMARK [2][-]{subsection.4.5.3}{\376\377\000C\000l\000o\000u\000d\000\040\000A\000n\000a\000l\000y\000t\000i\000c\000s\000\040\000P\000a\000g\000e}{section.4.5}% 50
\BOOKMARK [2][-]{subsection.4.5.4}{\376\377\000D\000e\000v\000i\000c\000e\000s\000\040\000P\000a\000g\000e}{section.4.5}% 51
\BOOKMARK [2][-]{subsection.4.5.5}{\376\377\000R\000e\000p\000o\000r\000t\000s\000\040\000P\000a\000g\000e}{section.4.5}% 52
\BOOKMARK [2][-]{subsection.4.5.6}{\376\377\000H\000e\000a\000l\000i\000n\000g\000\040\000P\000a\000g\000e}{section.4.5}% 53
\BOOKMARK [1][-]{section.4.6}{\376\377\000D\000i\000s\000c\000u\000s\000s\000i\000o\000n}{chapter.4}% 54
\BOOKMARK [2][-]{subsection.4.6.1}{\376\377\000E\000d\000g\000e\000\040\000I\000n\000t\000e\000l\000l\000i\000g\000e\000n\000c\000e\000\040\000a\000n\000d\000\040\000t\000h\000e\000\040\000M\000i\000t\000i\000g\000a\000t\000i\000o\000n\000\040\000o\000f\000\040\000A\000l\000e\000r\000t\000\040\000F\000a\000t\000i\000g\000u\000e}{section.4.6}% 55
\BOOKMARK [2][-]{subsection.4.6.2}{\376\377\000T\000h\000e\000\040\000P\000a\000r\000a\000d\000i\000g\000m\000\040\000S\000h\000i\000f\000t\000\040\000t\000o\000\040\000M\000a\000c\000h\000i\000n\000e\000-\000R\000e\000a\000d\000a\000b\000l\000e\000\040\000X\000A\000I}{section.4.6}% 56
\BOOKMARK [2][-]{subsection.4.6.3}{\376\377\000A\000u\000t\000o\000n\000o\000m\000o\000u\000s\000\040\000R\000e\000m\000e\000d\000i\000a\000t\000i\000o\000n\000\040\000a\000n\000d\000\040\000S\000y\000s\000t\000e\000m\000\040\000L\000i\000m\000i\000t\000a\000t\000i\000o\000n\000s}{section.4.6}% 57
\BOOKMARK [0][-]{chapter.5}{\376\377\000C\000o\000n\000c\000l\000u\000s\000i\000o\000n\000\040\000a\000n\000d\000\040\000F\000u\000t\000u\000r\000e\000\040\000W\000o\000r\000k}{}% 58
\BOOKMARK [1][-]{section.5.1}{\376\377\000S\000u\000m\000m\000a\000r\000y\000\040\000o\000f\000\040\000t\000h\000e\000\040\000R\000e\000s\000e\000a\000r\000c\000h}{chapter.5}% 59
\BOOKMARK [1][-]{section.5.2}{\376\377\000A\000c\000h\000i\000e\000v\000e\000m\000e\000n\000t\000\040\000o\000f\000\040\000O\000b\000j\000e\000c\000t\000i\000v\000e\000s}{chapter.5}% 60
\BOOKMARK [1][-]{section.5.3}{\376\377\000M\000a\000j\000o\000r\000\040\000C\000o\000n\000t\000r\000i\000b\000u\000t\000i\000o\000n\000s}{chapter.5}% 61
\BOOKMARK [1][-]{section.5.4}{\376\377\000L\000i\000m\000i\000t\000a\000t\000i\000o\000n\000s}{chapter.5}% 62
\BOOKMARK [1][-]{section.5.5}{\376\377\000F\000u\000t\000u\000r\000e\000\040\000R\000e\000s\000e\000a\000r\000c\000h\000\040\000D\000i\000r\000e\000c\000t\000i\000o\000n\000s}{chapter.5}% 63
\BOOKMARK [2][-]{subsection.5.5.1}{\376\377\000F\000e\000d\000e\000r\000a\000t\000e\000d\000\040\000a\000n\000d\000\040\000C\000o\000l\000l\000a\000b\000o\000r\000a\000t\000i\000v\000e\000\040\000S\000e\000l\000f\000-\000H\000e\000a\000l\000i\000n\000g\000\040\000A\000c\000r\000o\000s\000s\000\040\000G\000a\000t\000e\000w\000a\000y\000s}{section.5.5}% 64
\BOOKMARK [2][-]{subsection.5.5.2}{\376\377\000H\000y\000b\000r\000i\000d\000\040\000A\000I\040\023\000B\000l\000o\000c\000k\000c\000h\000a\000i\000n\000\040\000T\000r\000u\000s\000t\000\040\000a\000n\000d\000\040\000A\000u\000d\000i\000t\000\040\000f\000o\000r\000\040\000H\000e\000a\000l\000i\000n\000g\000\040\000A\000c\000t\000i\000o\000n\000s}{section.5.5}% 65
\BOOKMARK [2][-]{subsection.5.5.3}{\376\377\000R\000e\000i\000n\000f\000o\000r\000c\000e\000m\000e\000n\000t\000\040\000a\000n\000d\000\040\000M\000e\000t\000a\000-\000L\000e\000a\000r\000n\000i\000n\000g\000\040\000f\000o\000r\000\040\000A\000d\000a\000p\000t\000i\000v\000e\000\040\000H\000e\000a\000l\000i\000n\000g\000\040\000P\000o\000l\000i\000c\000i\000e\000s}{section.5.5}% 66
\BOOKMARK [2][-]{subsection.5.5.4}{\376\377\000C\000o\000n\000s\000t\000r\000a\000i\000n\000e\000d\000\040\000M\000u\000l\000t\000i\000-\000A\000g\000e\000n\000t\000\040\000L\000L\000M\000\040\000S\000e\000c\000u\000r\000i\000t\000y\000\040\000O\000r\000c\000h\000e\000s\000t\000r\000a\000t\000i\000o\000n}{section.5.5}% 67
\BOOKMARK [2][-]{subsection.5.5.5}{\376\377\000D\000a\000t\000a\000s\000e\000t\000-\000C\000e\000n\000t\000r\000i\000c\000\040\000E\000v\000a\000l\000u\000a\000t\000i\000o\000n\000\040\000a\000n\000d\000\040\000R\000e\000a\000l\000-\000W\000o\000r\000l\000d\000\040\000B\000e\000n\000c\000h\000m\000a\000r\000k\000i\000n\000g}{section.5.5}% 68
\BOOKMARK [2][-]{subsection.5.5.6}{\376\377\000S\000a\000f\000e\000t\000y\000,\000\040\000E\000x\000p\000l\000a\000i\000n\000a\000b\000i\000l\000i\000t\000y\000,\000\040\000a\000n\000d\000\040\000H\000u\000m\000a\000n\000-\000i\000n\000-\000t\000h\000e\000-\000L\000o\000o\000p\000\040\000A\000s\000s\000u\000r\000a\000n\000c\000e}{section.5.5}% 69
\BOOKMARK [1][-]{section.5.6}{\376\377\000P\000u\000b\000l\000i\000c\000a\000t\000i\000o\000n\000s\000\040\000a\000n\000d\000\040\000R\000e\000s\000e\000a\000r\000c\000h\000\040\000O\000u\000t\000c\000o\000m\000e\000s}{chapter.5}% 70
\BOOKMARK [0][-]{appendix.A}{\376\377\000H\000e\000a\000l\000i\000n\000g\000\040\000A\000c\000t\000i\000o\000n\000\040\000C\000a\000t\000a\000l\000o\000g\000u\000e\000\040\000a\000n\000d\000\040\000P\000r\000i\000o\000r\000i\000t\000i\000s\000e\000d\000\040\000R\000e\000m\000e\000d\000i\000a\000t\000i\000o\000n\000\040\000P\000l\000a\000y\000b\000o\000o\000k\000s}{}% 71
\BOOKMARK [1][-]{section.A.1}{\376\377\000H\000e\000a\000l\000i\000n\000g\000\040\000A\000c\000t\000i\000o\000n\000\040\000C\000a\000t\000a\000l\000o\000g\000u\000e}{appendix.A}% 72
\BOOKMARK [1][-]{section.A.2}{\376\377\000P\000r\000i\000o\000r\000i\000t\000i\000s\000e\000d\000\040\000H\000e\000a\000l\000i\000n\000g\000-\000A\000c\000t\000i\000o\000n\000\040\000P\000l\000a\000y\000b\000o\000o\000k\000s}{appendix.A}% 73
\BOOKMARK [2][-]{subsection.A.2.1}{\376\377\000B\000e\000n\000i\000g\000n}{section.A.2}% 74
\BOOKMARK [2][-]{subsection.A.2.2}{\376\377\000D\000D\000o\000S}{section.A.2}% 75
\BOOKMARK [2][-]{subsection.A.2.3}{\376\377\000D\000o\000S}{section.A.2}% 76
\BOOKMARK [2][-]{subsection.A.2.4}{\376\377\000R\000e\000c\000o\000n\000n\000a\000i\000s\000s\000a\000n\000c\000e}{section.A.2}% 77
\BOOKMARK [2][-]{subsection.A.2.5}{\376\377\000W\000e\000b}{section.A.2}% 78
\BOOKMARK [2][-]{subsection.A.2.6}{\376\377\000B\000r\000u\000t\000e\000\040\000F\000o\000r\000c\000e}{section.A.2}% 79
\BOOKMARK [2][-]{subsection.A.2.7}{\376\377\000M\000I\000T\000M}{section.A.2}% 80
\BOOKMARK [2][-]{subsection.A.2.8}{\376\377\000M\000a\000l\000w\000a\000r\000e\000\040\000\050\000M\000i\000r\000a\000i\000\051}{section.A.2}% 81
\BOOKMARK [0][-]{appendix.B}{\376\377\000B\000i\000b\000l\000i\000o\000g\000r\000a\000p\000h\000y}{}% 82
